
	<!DOCTYPE html>
	<html>
	<head>
		<meta charset="UTF-8">
		<meta name="viewport" content="user-scalable=0, width=device-width, initial-scale=1.0, maximum-scale=1.0, minimum-scale=1.0">
		<title>Localhosts</title>
	<head>
	<body>
		<p><strong>Online Users</strong></p>
	<ul><li><strong><a href="http://localhost:8080/me/index.html">me</a></strong></li><li><strong><a href="http://localhost:8080/user_2/index.html">user_2</a></strong></li><li><strong><a href="http://localhost:8080/user_3/index.html">user_3</a></strong></li></ul>
	</body>
	</html>
	